// Jest Snapshot v1, https://goo.gl/fbAQLP

exports[`PoopIcon should match the snapshot 1`] = `
<div
  className="sc-AxirZ sc-AxiKw bmobfA"
/>
`;
